// Jest Snapshot v1, https://goo.gl/fbAQLP

exports[`button component should render the button 1`] = `<div />`;
