// Jest Snapshot v1, https://goo.gl/fbAQLP

exports[`app should render the app 1`] = `
<div
  className="App"
>
  <header
    className="App-header"
  >
    <h1
      className="App-title"
    >
         
    </h1>
  </header>
  <p
    className="App-intro"
  />
</div>
`;
